Component: Arm Compiler for Embedded 6.19 Tool: armlink [5e73cb00]

==============================================================================

Section Cross References

    main.o(.text) refers to try.o(mycode) for motorsetup
    main.o(.text) refers to glcd_mcb1700.o(.text) for GLCD_Initialize
    main.o(.text) refers to glcd_fonts.o(.rodata.GLCD_Font_16x24) for GLCD_Font_16x24
    main.o(.text) refers to main.o(.bss.bearing) for bearing
    main.o(.text) refers to main.o(.bss.elevation) for elevation
    main.o(.text) refers to malloc.o(i.malloc) for malloc
    main.o(.text) refers to main.o(.rodata.str1.1) for .L.str.2
    main.o(.text) refers to strcat.o(.text) for strcat
    main.o(.ARM.exidx) refers to main.o(.text) for [Anonymous Symbol]
    try.o(mycode) refers to main.o(.bss.bearing) for bearing
    glcd_fonts.o(.rodata.GLCD_Font_6x8) refers to glcd_fonts.o(.rodata.Font_6x8_h) for [Anonymous Symbol]
    glcd_fonts.o(.rodata.GLCD_Font_16x24) refers to glcd_fonts.o(.rodata.Font_16x24_h) for [Anonymous Symbol]
    glcd_mcb1700.o(.text) refers to gpio_lpc17xx.o(.text) for GPIO_PortClock
    glcd_mcb1700.o(.text) refers to pin_lpc17xx.o(.text) for PIN_Configure
    glcd_mcb1700.o(.text) refers to ssp_lpc17xx.o(.rodata.Driver_SPI1) for Driver_SPI1
    glcd_mcb1700.o(.text) refers to glcd_mcb1700.o(.bss.Himax) for Himax
    glcd_mcb1700.o(.text) refers to system_lpc17xx.o(.data.SystemCoreClock) for SystemCoreClock
    glcd_mcb1700.o(.text) refers to glcd_mcb1700.o(.bss.foreground_color) for foreground_color
    glcd_mcb1700.o(.text) refers to glcd_mcb1700.o(.data.background_color) for background_color
    glcd_mcb1700.o(.text) refers to glcd_mcb1700.o(.bss.active_font) for active_font
    glcd_mcb1700.o(.ARM.exidx) refers to glcd_mcb1700.o(.text) for [Anonymous Symbol]
    ssp_lpc17xx.o(.text) refers to ssp_lpc17xx.o(.bss.SSP1_Xfer) for SSP1_Xfer
    ssp_lpc17xx.o(.text) refers to ssp_lpc17xx.o(.bss.SSP1_Info.0) for SSP1_Info.0
    ssp_lpc17xx.o(.text) refers to ssp_lpc17xx.o(.bss.SSP1_Info.1) for SSP1_Info.1
    ssp_lpc17xx.o(.text) refers to ssp_lpc17xx.o(.bss.SSP1_Info.2) for SSP1_Info.2
    ssp_lpc17xx.o(.text) refers to ssp_lpc17xx.o(.bss.SSP1_Info.5) for SSP1_Info.5
    ssp_lpc17xx.o(.text) refers to pin_lpc17xx.o(.text) for PIN_Configure
    ssp_lpc17xx.o(.text) refers to ssp_lpc17xx.o(.bss.SSP1_Info.4) for SSP1_Info.4
    ssp_lpc17xx.o(.text) refers to ssp_lpc17xx.o(.rodata..Lswitch.table.SSP1_Control.2) for .Lswitch.table.SSP1_Control.2
    ssp_lpc17xx.o(.text) refers to gpio_lpc17xx.o(.text) for GPIO_PinWrite
    ssp_lpc17xx.o(.text) refers to system_lpc17xx.o(.data.SystemCoreClock) for SystemCoreClock
    ssp_lpc17xx.o(.ARM.exidx) refers to ssp_lpc17xx.o(.text) for [Anonymous Symbol]
    ssp_lpc17xx.o(.rodata.Driver_SPI1) refers to ssp_lpc17xx.o(.text) for SSP_GetVersion
    gpdma_lpc17xx.o(.text) refers to gpdma_lpc17xx.o(.bss.Init_cnt) for Init_cnt
    gpdma_lpc17xx.o(.text) refers to gpdma_lpc17xx.o(.bss.Channel_info) for Channel_info
    gpdma_lpc17xx.o(.text) refers to gpdma_lpc17xx.o(.bss.Channel_active) for Channel_active
    gpdma_lpc17xx.o(.ARM.exidx) refers to gpdma_lpc17xx.o(.text) for [Anonymous Symbol]
    gpio_lpc17xx.o(.ARM.exidx) refers to gpio_lpc17xx.o(.text) for [Anonymous Symbol]
    pin_lpc17xx.o(.ARM.exidx) refers to pin_lpc17xx.o(.text) for [Anonymous Symbol]
    startup_lpc17xx.o(RESET) refers to startup_lpc17xx.o(STACK) for __initial_sp
    startup_lpc17xx.o(RESET) refers to startup_lpc17xx.o(.text) for Reset_Handler
    startup_lpc17xx.o(RESET) refers to ssp_lpc17xx.o(.text) for SSP1_IRQHandler
    startup_lpc17xx.o(RESET) refers to gpdma_lpc17xx.o(.text) for DMA_IRQHandler
    startup_lpc17xx.o(.text) refers to system_lpc17xx.o(.text) for SystemInit
    startup_lpc17xx.o(.text) refers to entry.o(.ARM.Collect$$$$00000000) for __main
    system_lpc17xx.o(.text) refers to uldiv.o(.text) for __aeabi_uldivmod
    system_lpc17xx.o(.text) refers to system_lpc17xx.o(.data.SystemCoreClock) for SystemCoreClock
    system_lpc17xx.o(.ARM.exidx) refers to system_lpc17xx.o(.text) for [Anonymous Symbol]
    entry.o(.ARM.Collect$$$$00000000) refers (Special) to entry10a.o(.ARM.Collect$$$$0000000D) for __rt_final_cpp
    entry.o(.ARM.Collect$$$$00000000) refers (Special) to entry11a.o(.ARM.Collect$$$$0000000F) for __rt_final_exit
    entry.o(.ARM.Collect$$$$00000000) refers (Special) to entry7b.o(.ARM.Collect$$$$00000008) for _main_clock
    entry.o(.ARM.Collect$$$$00000000) refers (Special) to entry8b.o(.ARM.Collect$$$$0000000A) for _main_cpp_init
    entry.o(.ARM.Collect$$$$00000000) refers (Special) to entry9a.o(.ARM.Collect$$$$0000000B) for _main_init
    entry.o(.ARM.Collect$$$$00000000) refers (Special) to entry5.o(.ARM.Collect$$$$00000004) for _main_scatterload
    entry.o(.ARM.Collect$$$$00000000) refers (Special) to entry2.o(.ARM.Collect$$$$00000001) for _main_stk
    uldiv.o(.text) refers to llushr.o(.text) for __aeabi_llsr
    uldiv.o(.text) refers to llshl.o(.text) for __aeabi_llsl
    malloc.o(i.free) refers to mvars.o(.data) for __microlib_freelist
    malloc.o(i.malloc) refers to mvars.o(.data) for __microlib_freelist_initialised
    malloc.o(i.malloc) refers to mvars.o(.data) for __microlib_freelist
    malloc.o(i.malloc) refers to startup_lpc17xx.o(HEAP) for __heap_base
    mallocr.o(i.__free$realloc) refers to mvars.o(.data) for __microlib_freelist
    mallocr.o(i.__malloc$realloc) refers to mallocr.o(i.internal_alloc) for internal_alloc
    mallocr.o(i.__malloc$realloc) refers to mvars.o(.data) for __microlib_freelist_initialised
    mallocr.o(i.__malloc$realloc) refers to startup_lpc17xx.o(HEAP) for __heap_base
    mallocr.o(i.__malloc$realloc) refers to mvars.o(.data) for __microlib_freelist
    mallocr.o(i.internal_alloc) refers to memcpya.o(.text) for __aeabi_memcpy
    mallocr.o(i.internal_alloc) refers to mvars.o(.data) for __microlib_freelist
    mallocr.o(i.realloc) refers to mallocr.o(i.__free$realloc) for __free$realloc
    mallocr.o(i.realloc) refers to mallocr.o(i.internal_alloc) for internal_alloc
    mallocr.o(i.realloc) refers to mallocr.o(i.__malloc$realloc) for __malloc$realloc
    mallocr.o(i.realloc) refers to mvars.o(.data) for __microlib_freelist
    malloca.o(i.__aligned_malloc) refers to mvars.o(.data) for __microlib_freelist_initialised
    malloca.o(i.__aligned_malloc) refers to mvars.o(.data) for __microlib_freelist
    malloca.o(i.__aligned_malloc) refers to startup_lpc17xx.o(HEAP) for __heap_base
    malloca.o(i.__free$memalign) refers to mvars.o(.data) for __microlib_freelist
    malloca.o(i.__malloc$memalign) refers to malloca.o(i.__aligned_malloc) for __aligned_malloc
    mallocra.o(i.__aligned_malloc$realloc) refers to mallocra.o(i.internal_alloc) for internal_alloc
    mallocra.o(i.__aligned_malloc$realloc) refers to mvars.o(.data) for __microlib_freelist_initialised
    mallocra.o(i.__aligned_malloc$realloc) refers to startup_lpc17xx.o(HEAP) for __heap_base
    mallocra.o(i.__aligned_malloc$realloc) refers to mvars.o(.data) for __microlib_freelist
    mallocra.o(i.__free$realloc$memalign) refers to mvars.o(.data) for __microlib_freelist
    mallocra.o(i.__malloc$realloc$memalign) refers to mallocra.o(i.__aligned_malloc$realloc) for __aligned_malloc$realloc
    mallocra.o(i.__realloc$memalign) refers to mallocra.o(i.__free$realloc$memalign) for __free$realloc$memalign
    mallocra.o(i.__realloc$memalign) refers to mallocra.o(i.internal_alloc) for internal_alloc
    mallocra.o(i.__realloc$memalign) refers to mallocra.o(i.__malloc$realloc$memalign) for __malloc$realloc$memalign
    mallocra.o(i.__realloc$memalign) refers to mvars.o(.data) for __microlib_freelist
    mallocra.o(i.internal_alloc) refers to memcpya.o(.text) for __aeabi_memcpy
    mallocra.o(i.internal_alloc) refers to mvars.o(.data) for __microlib_freelist
    entry2.o(.ARM.Collect$$$$00000001) refers to entry2.o(.ARM.Collect$$$$00002712) for __lit__00000000
    entry2.o(.ARM.Collect$$$$00002712) refers to startup_lpc17xx.o(STACK) for __initial_sp
    entry2.o(__vectab_stack_and_reset_area) refers to startup_lpc17xx.o(STACK) for __initial_sp
    entry2.o(__vectab_stack_and_reset_area) refers to entry.o(.ARM.Collect$$$$00000000) for __main
    entry5.o(.ARM.Collect$$$$00000004) refers to init.o(.text) for __scatterload
    entry9a.o(.ARM.Collect$$$$0000000B) refers to main.o(.text) for main
    entry9b.o(.ARM.Collect$$$$0000000C) refers to main.o(.text) for main
    init.o(.text) refers to entry5.o(.ARM.Collect$$$$00000004) for __main_after_scatterload


==============================================================================

Removing Unused input sections from the image.

    Removing main.o(.ARM.exidx), (24 bytes).
    Removing main.o(.rodata.str1.4), (14 bytes).
    Removing main.o(.ARM.use_no_argv), (4 bytes).
    Removing glcd_fonts.o(.text), (0 bytes).
    Removing glcd_fonts.o(.rodata.Font_6x8_h), (896 bytes).
    Removing glcd_fonts.o(.rodata.GLCD_Font_6x8), (16 bytes).
    Removing glcd_mcb1700.o(.ARM.exidx), (152 bytes).
    Removing ssp_lpc17xx.o(.ARM.exidx), (128 bytes).
    Removing gpdma_lpc17xx.o(.ARM.exidx), (72 bytes).
    Removing gpio_lpc17xx.o(.ARM.exidx), (48 bytes).
    Removing pin_lpc17xx.o(.ARM.exidx), (24 bytes).
    Removing system_lpc17xx.o(.ARM.exidx), (16 bytes).

12 unused section(s) (total 1394 bytes) removed from the image.

==============================================================================

Image Symbol Table

    Local Symbols

    Symbol Name                              Value     Ov Type        Size  Object(Section)

    ../clib/microlib/division.c              0x00000000   Number         0  uldiv.o ABSOLUTE
    ../clib/microlib/init/entry.s            0x00000000   Number         0  entry.o ABSOLUTE
    ../clib/microlib/init/entry.s            0x00000000   Number         0  entry2.o ABSOLUTE
    ../clib/microlib/init/entry.s            0x00000000   Number         0  entry5.o ABSOLUTE
    ../clib/microlib/init/entry.s            0x00000000   Number         0  entry7a.o ABSOLUTE
    ../clib/microlib/init/entry.s            0x00000000   Number         0  entry7b.o ABSOLUTE
    ../clib/microlib/init/entry.s            0x00000000   Number         0  entry8a.o ABSOLUTE
    ../clib/microlib/init/entry.s            0x00000000   Number         0  entry8b.o ABSOLUTE
    ../clib/microlib/init/entry.s            0x00000000   Number         0  entry9a.o ABSOLUTE
    ../clib/microlib/init/entry.s            0x00000000   Number         0  entry9b.o ABSOLUTE
    ../clib/microlib/init/entry.s            0x00000000   Number         0  entry10a.o ABSOLUTE
    ../clib/microlib/init/entry.s            0x00000000   Number         0  entry10b.o ABSOLUTE
    ../clib/microlib/init/entry.s            0x00000000   Number         0  entry11a.o ABSOLUTE
    ../clib/microlib/init/entry.s            0x00000000   Number         0  entry11b.o ABSOLUTE
    ../clib/microlib/longlong.c              0x00000000   Number         0  llshl.o ABSOLUTE
    ../clib/microlib/longlong.c              0x00000000   Number         0  llushr.o ABSOLUTE
    ../clib/microlib/malloc/malloc.c         0x00000000   Number         0  malloc.o ABSOLUTE
    ../clib/microlib/malloc/malloc.c         0x00000000   Number         0  mallocr.o ABSOLUTE
    ../clib/microlib/malloc/malloc.c         0x00000000   Number         0  malloca.o ABSOLUTE
    ../clib/microlib/malloc/malloc.c         0x00000000   Number         0  mallocra.o ABSOLUTE
    ../clib/microlib/malloc/mvars.c          0x00000000   Number         0  mvars.o ABSOLUTE
    ../clib/microlib/string/memcpy.c         0x00000000   Number         0  memcpya.o ABSOLUTE
    ../clib/microlib/string/memcpy.c         0x00000000   Number         0  memcpyb.o ABSOLUTE
    ../clib/microlib/string/strcat.c         0x00000000   Number         0  strcat.o ABSOLUTE
    GLCD_Fonts.c                             0x00000000   Number         0  glcd_fonts.o ABSOLUTE
    GLCD_MCB1700.c                           0x00000000   Number         0  glcd_mcb1700.o ABSOLUTE
    GPDMA_LPC17xx.c                          0x00000000   Number         0  gpdma_lpc17xx.o ABSOLUTE
    GPIO_LPC17xx.c                           0x00000000   Number         0  gpio_lpc17xx.o ABSOLUTE
    PIN_LPC17xx.c                            0x00000000   Number         0  pin_lpc17xx.o ABSOLUTE
    RTE/Device/LPC1768/startup_LPC17xx.s     0x00000000   Number         0  startup_lpc17xx.o ABSOLUTE
    SSP_LPC17xx.c                            0x00000000   Number         0  ssp_lpc17xx.o ABSOLUTE
    dc.s                                     0x00000000   Number         0  dc.o ABSOLUTE
    handlers.s                               0x00000000   Number         0  handlers.o ABSOLUTE
    init.s                                   0x00000000   Number         0  init.o ABSOLUTE
    main.c                                   0x00000000   Number         0  main.o ABSOLUTE
    system_LPC17xx.c                         0x00000000   Number         0  system_lpc17xx.o ABSOLUTE
    try.s                                    0x00000000   Number         0  try.o ABSOLUTE
    RESET                                    0x00000000   Section      204  startup_lpc17xx.o(RESET)
    .ARM.Collect$$$$00000000                 0x000000cc   Section        0  entry.o(.ARM.Collect$$$$00000000)
    .ARM.Collect$$$$00000001                 0x000000cc   Section        4  entry2.o(.ARM.Collect$$$$00000001)
    .ARM.Collect$$$$00000004                 0x000000d0   Section        4  entry5.o(.ARM.Collect$$$$00000004)
    .ARM.Collect$$$$00000008                 0x000000d4   Section        0  entry7b.o(.ARM.Collect$$$$00000008)
    .ARM.Collect$$$$0000000A                 0x000000d4   Section        0  entry8b.o(.ARM.Collect$$$$0000000A)
    .ARM.Collect$$$$0000000B                 0x000000d4   Section        8  entry9a.o(.ARM.Collect$$$$0000000B)
    __lit__00000000                          0x000000dc   Data           4  entry2.o(.ARM.Collect$$$$00002712)
    .ARM.Collect$$$$0000000D                 0x000000dc   Section        0  entry10a.o(.ARM.Collect$$$$0000000D)
    .ARM.Collect$$$$0000000F                 0x000000dc   Section        0  entry11a.o(.ARM.Collect$$$$0000000F)
    .ARM.Collect$$$$00002712                 0x000000dc   Section        4  entry2.o(.ARM.Collect$$$$00002712)
    [Anonymous Symbol]                       0x000000e0   Section        0  main.o(.text)
    [Anonymous Symbol]                       0x00000240   Section        0  gpio_lpc17xx.o(.text)
    .text                                    0x000002d4   Section       36  startup_lpc17xx.o(.text)
    i.__scatterload_null                     0x000002f8   Section        2  handlers.o(i.__scatterload_null)
    .ARM.__at_0x02FC                         0x000002fc   Section        4  startup_lpc17xx.o(.ARM.__at_0x02FC)
    [Anonymous Symbol]                       0x00000300   Section        0  glcd_mcb1700.o(.text)
    GLCD_SetWindow                           0x000032d9   Thumb Code  1218  glcd_mcb1700.o(.text)
    spi_tran_man                             0x00004111   Thumb Code   180  glcd_mcb1700.o(.text)
    [Anonymous Symbol]                       0x000041c4   Section        0  ssp_lpc17xx.o(.text)
    SSP_GetVersion                           0x00004315   Thumb Code    10  ssp_lpc17xx.o(.text)
    SSP_GetCapabilities                      0x00004321   Thumb Code     4  ssp_lpc17xx.o(.text)
    SSP1_Initialize                          0x00004325   Thumb Code   124  ssp_lpc17xx.o(.text)
    SSP1_Uninitialize                        0x000043a1   Thumb Code    78  ssp_lpc17xx.o(.text)
    SSP1_PowerControl                        0x000043f1   Thumb Code   322  ssp_lpc17xx.o(.text)
    SSP1_Send                                0x00004535   Thumb Code   102  ssp_lpc17xx.o(.text)
    SSP1_Receive                             0x0000459d   Thumb Code   102  ssp_lpc17xx.o(.text)
    SSP1_Transfer                            0x00004605   Thumb Code   116  ssp_lpc17xx.o(.text)
    SSP1_GetDataCount                        0x00004679   Thumb Code    28  ssp_lpc17xx.o(.text)
    SSP1_Control                             0x00004695   Thumb Code   994  ssp_lpc17xx.o(.text)
    SSP1_GetStatus                           0x00004a79   Thumb Code    26  ssp_lpc17xx.o(.text)
    [Anonymous Symbol]                       0x00004a94   Section        0  gpdma_lpc17xx.o(.text)
    [Anonymous Symbol]                       0x00004e70   Section        0  pin_lpc17xx.o(.text)
    [Anonymous Symbol]                       0x00004f1c   Section        0  system_lpc17xx.o(.text)
    .text                                    0x000050e0   Section        0  uldiv.o(.text)
    .text                                    0x00005142   Section        0  strcat.o(.text)
    .text                                    0x0000515a   Section        0  llshl.o(.text)
    .text                                    0x00005178   Section        0  llushr.o(.text)
    .text                                    0x00005198   Section       36  init.o(.text)
    i.__scatterload_copy                     0x000051bc   Section       14  handlers.o(i.__scatterload_copy)
    i.__scatterload_zeroinit                 0x000051ca   Section       14  handlers.o(i.__scatterload_zeroinit)
    i.malloc                                 0x000051d8   Section        0  malloc.o(i.malloc)
    mycode                                   0x00005244   Section      296  try.o(mycode)
    .Lswitch.table.SSP1_Control.2            0x0000536c   Data          12  ssp_lpc17xx.o(.rodata..Lswitch.table.SSP1_Control.2)
    Font_16x24_h                             0x000053a4   Data        5376  glcd_fonts.o(.rodata.Font_16x24_h)
    [Anonymous Symbol]                       0x000053a4   Section        0  glcd_fonts.o(.rodata.Font_16x24_h)
    .L.str.3                                 0x000068b4   Data           6  main.o(.rodata.str1.1)
    [Anonymous Symbol]                       0x000068b4   Section        0  main.o(.rodata.str1.1)
    .L.str.2                                 0x000068b7   Data           3  main.o(.rodata.str1.1)
    .data                                    0x10000000   Section        4  mvars.o(.data)
    .data                                    0x10000004   Section        4  mvars.o(.data)
    background_color                         0x1000000c   Data           2  glcd_mcb1700.o(.data.background_color)
    [Anonymous Symbol]                       0x1000000c   Section        0  glcd_mcb1700.o(.data.background_color)
    Channel_active                           0x10000010   Data           4  gpdma_lpc17xx.o(.bss.Channel_active)
    [Anonymous Symbol]                       0x10000010   Section        0  gpdma_lpc17xx.o(.bss.Channel_active)
    Channel_info                             0x10000014   Data         160  gpdma_lpc17xx.o(.bss.Channel_info)
    [Anonymous Symbol]                       0x10000014   Section        0  gpdma_lpc17xx.o(.bss.Channel_info)
    Himax                                    0x100000b4   Data           1  glcd_mcb1700.o(.bss.Himax)
    [Anonymous Symbol]                       0x100000b4   Section        0  glcd_mcb1700.o(.bss.Himax)
    Init_cnt                                 0x100000b8   Data           4  gpdma_lpc17xx.o(.bss.Init_cnt)
    [Anonymous Symbol]                       0x100000b8   Section        0  gpdma_lpc17xx.o(.bss.Init_cnt)
    SSP1_Info.0                              0x100000bc   Data           4  ssp_lpc17xx.o(.bss.SSP1_Info.0)
    [Anonymous Symbol]                       0x100000bc   Section        0  ssp_lpc17xx.o(.bss.SSP1_Info.0)
    SSP1_Info.1                              0x100000c0   Data           1  ssp_lpc17xx.o(.bss.SSP1_Info.1)
    [Anonymous Symbol]                       0x100000c0   Section        0  ssp_lpc17xx.o(.bss.SSP1_Info.1)
    SSP1_Info.2                              0x100000c4   Data           1  ssp_lpc17xx.o(.bss.SSP1_Info.2)
    [Anonymous Symbol]                       0x100000c4   Section        0  ssp_lpc17xx.o(.bss.SSP1_Info.2)
    SSP1_Info.4                              0x100000c8   Data           4  ssp_lpc17xx.o(.bss.SSP1_Info.4)
    [Anonymous Symbol]                       0x100000c8   Section        0  ssp_lpc17xx.o(.bss.SSP1_Info.4)
    SSP1_Info.5                              0x100000cc   Data           1  ssp_lpc17xx.o(.bss.SSP1_Info.5)
    [Anonymous Symbol]                       0x100000cc   Section        0  ssp_lpc17xx.o(.bss.SSP1_Info.5)
    SSP1_Xfer                                0x100000d0   Data          28  ssp_lpc17xx.o(.bss.SSP1_Xfer)
    [Anonymous Symbol]                       0x100000d0   Section        0  ssp_lpc17xx.o(.bss.SSP1_Xfer)
    active_font                              0x100000ec   Data           4  glcd_mcb1700.o(.bss.active_font)
    [Anonymous Symbol]                       0x100000ec   Section        0  glcd_mcb1700.o(.bss.active_font)
    foreground_color                         0x100000f8   Data           2  glcd_mcb1700.o(.bss.foreground_color)
    [Anonymous Symbol]                       0x100000f8   Section        0  glcd_mcb1700.o(.bss.foreground_color)
    HEAP                                     0x10000100   Section        0  startup_lpc17xx.o(HEAP)
    STACK                                    0x10000100   Section      512  startup_lpc17xx.o(STACK)

    Global Symbols

    Symbol Name                              Value     Ov Type        Size  Object(Section)

    BuildAttributes$$THM_ISAv4$P$D$K$B$S$PE$A:L22UL41UL21$X:L11$S22US41US21$IEEE1$IW$~IW$USESV6$~STKCKD$USESV7$~SHL$OTIME$EBA8$MICROLIB$REQ8$PRES8$EABIv2 0x00000000   Number         0  anon$$obj.o ABSOLUTE
    __Vectors                                0x00000000   Data           4  startup_lpc17xx.o(RESET)
    __cpp_initialize__aeabi_                  - Undefined Weak Reference
    __cxa_finalize                            - Undefined Weak Reference
    __decompress                              - Undefined Weak Reference
    _clock_init                               - Undefined Weak Reference
    _microlib_exit                            - Undefined Weak Reference
    __main                                   0x000000cd   Thumb Code     0  entry.o(.ARM.Collect$$$$00000000)
    _main_stk                                0x000000cd   Thumb Code     0  entry2.o(.ARM.Collect$$$$00000001)
    _main_scatterload                        0x000000d1   Thumb Code     0  entry5.o(.ARM.Collect$$$$00000004)
    __main_after_scatterload                 0x000000d5   Thumb Code     0  entry5.o(.ARM.Collect$$$$00000004)
    _main_clock                              0x000000d5   Thumb Code     0  entry7b.o(.ARM.Collect$$$$00000008)
    _main_cpp_init                           0x000000d5   Thumb Code     0  entry8b.o(.ARM.Collect$$$$0000000A)
    _main_init                               0x000000d5   Thumb Code     0  entry9a.o(.ARM.Collect$$$$0000000B)
    __rt_final_cpp                           0x000000dd   Thumb Code     0  entry10a.o(.ARM.Collect$$$$0000000D)
    __rt_final_exit                          0x000000dd   Thumb Code     0  entry11a.o(.ARM.Collect$$$$0000000F)
    main                                     0x000000e1   Thumb Code   248  main.o(.text)
    stringmaker                              0x00000205   Thumb Code    52  main.o(.text)
    int_to_3char                             0x00000239   Thumb Code     6  main.o(.text)
    GPIO_PortClock                           0x00000241   Thumb Code    26  gpio_lpc17xx.o(.text)
    GPIO_SetDir                              0x0000025d   Thumb Code    34  gpio_lpc17xx.o(.text)
    GPIO_PinWrite                            0x00000281   Thumb Code    28  gpio_lpc17xx.o(.text)
    GPIO_PinRead                             0x0000029d   Thumb Code    20  gpio_lpc17xx.o(.text)
    GPIO_PortWrite                           0x000002b1   Thumb Code    20  gpio_lpc17xx.o(.text)
    GPIO_PortRead                            0x000002c5   Thumb Code    14  gpio_lpc17xx.o(.text)
    Reset_Handler                            0x000002d5   Thumb Code     8  startup_lpc17xx.o(.text)
    NMI_Handler                              0x000002dd   Thumb Code     2  startup_lpc17xx.o(.text)
    HardFault_Handler                        0x000002df   Thumb Code     2  startup_lpc17xx.o(.text)
    MemManage_Handler                        0x000002e1   Thumb Code     2  startup_lpc17xx.o(.text)
    BusFault_Handler                         0x000002e3   Thumb Code     2  startup_lpc17xx.o(.text)
    UsageFault_Handler                       0x000002e5   Thumb Code     2  startup_lpc17xx.o(.text)
    SVC_Handler                              0x000002e7   Thumb Code     2  startup_lpc17xx.o(.text)
    DebugMon_Handler                         0x000002e9   Thumb Code     2  startup_lpc17xx.o(.text)
    PendSV_Handler                           0x000002eb   Thumb Code     2  startup_lpc17xx.o(.text)
    SysTick_Handler                          0x000002ed   Thumb Code     2  startup_lpc17xx.o(.text)
    ADC_IRQHandler                           0x000002ef   Thumb Code     0  startup_lpc17xx.o(.text)
    BOD_IRQHandler                           0x000002ef   Thumb Code     0  startup_lpc17xx.o(.text)
    CANActivity_IRQHandler                   0x000002ef   Thumb Code     0  startup_lpc17xx.o(.text)
    CAN_IRQHandler                           0x000002ef   Thumb Code     0  startup_lpc17xx.o(.text)
    EINT0_IRQHandler                         0x000002ef   Thumb Code     0  startup_lpc17xx.o(.text)
    EINT1_IRQHandler                         0x000002ef   Thumb Code     0  startup_lpc17xx.o(.text)
    EINT2_IRQHandler                         0x000002ef   Thumb Code     0  startup_lpc17xx.o(.text)
    EINT3_IRQHandler                         0x000002ef   Thumb Code     0  startup_lpc17xx.o(.text)
    ENET_IRQHandler                          0x000002ef   Thumb Code     0  startup_lpc17xx.o(.text)
    I2C0_IRQHandler                          0x000002ef   Thumb Code     0  startup_lpc17xx.o(.text)
    I2C1_IRQHandler                          0x000002ef   Thumb Code     0  startup_lpc17xx.o(.text)
    I2C2_IRQHandler                          0x000002ef   Thumb Code     0  startup_lpc17xx.o(.text)
    I2S_IRQHandler                           0x000002ef   Thumb Code     0  startup_lpc17xx.o(.text)
    MCPWM_IRQHandler                         0x000002ef   Thumb Code     0  startup_lpc17xx.o(.text)
    PLL0_IRQHandler                          0x000002ef   Thumb Code     0  startup_lpc17xx.o(.text)
    PLL1_IRQHandler                          0x000002ef   Thumb Code     0  startup_lpc17xx.o(.text)
    PWM1_IRQHandler                          0x000002ef   Thumb Code     0  startup_lpc17xx.o(.text)
    QEI_IRQHandler                           0x000002ef   Thumb Code     0  startup_lpc17xx.o(.text)
    RIT_IRQHandler                           0x000002ef   Thumb Code     0  startup_lpc17xx.o(.text)
    RTC_IRQHandler                           0x000002ef   Thumb Code     0  startup_lpc17xx.o(.text)
    SPI_IRQHandler                           0x000002ef   Thumb Code     0  startup_lpc17xx.o(.text)
    SSP0_IRQHandler                          0x000002ef   Thumb Code     0  startup_lpc17xx.o(.text)
    TIMER0_IRQHandler                        0x000002ef   Thumb Code     0  startup_lpc17xx.o(.text)
    TIMER1_IRQHandler                        0x000002ef   Thumb Code     0  startup_lpc17xx.o(.text)
    TIMER2_IRQHandler                        0x000002ef   Thumb Code     0  startup_lpc17xx.o(.text)
    TIMER3_IRQHandler                        0x000002ef   Thumb Code     0  startup_lpc17xx.o(.text)
    UART0_IRQHandler                         0x000002ef   Thumb Code     0  startup_lpc17xx.o(.text)
    UART1_IRQHandler                         0x000002ef   Thumb Code     0  startup_lpc17xx.o(.text)
    UART2_IRQHandler                         0x000002ef   Thumb Code     0  startup_lpc17xx.o(.text)
    UART3_IRQHandler                         0x000002ef   Thumb Code     0  startup_lpc17xx.o(.text)
    USBActivity_IRQHandler                   0x000002ef   Thumb Code     0  startup_lpc17xx.o(.text)
    USB_IRQHandler                           0x000002ef   Thumb Code     0  startup_lpc17xx.o(.text)
    WDT_IRQHandler                           0x000002ef   Thumb Code     0  startup_lpc17xx.o(.text)
    __scatterload_null                       0x000002f9   Thumb Code     2  handlers.o(i.__scatterload_null)
    GLCD_Initialize                          0x00000301   Thumb Code 12014  glcd_mcb1700.o(.text)
    GLCD_Uninitialize                        0x000031f1   Thumb Code    34  glcd_mcb1700.o(.text)
    GLCD_SetForegroundColor                  0x00003215   Thumb Code    16  glcd_mcb1700.o(.text)
    GLCD_SetBackgroundColor                  0x00003225   Thumb Code    16  glcd_mcb1700.o(.text)
    GLCD_ClearScreen                         0x00003235   Thumb Code   164  glcd_mcb1700.o(.text)
    GLCD_SetFont                             0x0000379d   Thumb Code    16  glcd_mcb1700.o(.text)
    GLCD_DrawPixel                           0x000037ad   Thumb Code   980  glcd_mcb1700.o(.text)
    GLCD_DrawHLine                           0x00003b81   Thumb Code   152  glcd_mcb1700.o(.text)
    GLCD_DrawVLine                           0x00003c19   Thumb Code   156  glcd_mcb1700.o(.text)
    GLCD_DrawRectangle                       0x00003cb5   Thumb Code    52  glcd_mcb1700.o(.text)
    GLCD_DrawChar                            0x00003ce9   Thumb Code   306  glcd_mcb1700.o(.text)
    GLCD_DrawString                          0x00003e1d   Thumb Code    54  glcd_mcb1700.o(.text)
    GLCD_DrawBargraph                        0x00003e55   Thumb Code   232  glcd_mcb1700.o(.text)
    GLCD_DrawBitmap                          0x00003f3d   Thumb Code   216  glcd_mcb1700.o(.text)
    GLCD_VScroll                             0x00004015   Thumb Code     6  glcd_mcb1700.o(.text)
    GLCD_FrameBufferAccess                   0x0000401d   Thumb Code   238  glcd_mcb1700.o(.text)
    GLCD_FrameBufferAddress                  0x0000410d   Thumb Code     4  glcd_mcb1700.o(.text)
    SSPx_GPDMA_Tx_SignalEvent                0x000041c5   Thumb Code    14  ssp_lpc17xx.o(.text)
    SSPx_GPDMA_Rx_SignalEvent                0x000041d5   Thumb Code    28  ssp_lpc17xx.o(.text)
    SSP1_GPDMA_Tx_SignalEvent                0x000041f1   Thumb Code    20  ssp_lpc17xx.o(.text)
    SSP1_GPDMA_Rx_SignalEvent                0x00004205   Thumb Code    48  ssp_lpc17xx.o(.text)
    SSP1_IRQHandler                          0x00004235   Thumb Code   224  ssp_lpc17xx.o(.text)
    GPDMA_Initialize                         0x00004a95   Thumb Code   110  gpdma_lpc17xx.o(.text)
    GPDMA_Uninitialize                       0x00004b05   Thumb Code    76  gpdma_lpc17xx.o(.text)
    GPDMA_PeripheralSelect                   0x00004b51   Thumb Code    58  gpdma_lpc17xx.o(.text)
    GPDMA_ChannelConfigure                   0x00004b8d   Thumb Code   248  gpdma_lpc17xx.o(.text)
    GPDMA_ChannelEnable                      0x00004c85   Thumb Code    80  gpdma_lpc17xx.o(.text)
    GPDMA_ChannelDisable                     0x00004cd5   Thumb Code    66  gpdma_lpc17xx.o(.text)
    GPDMA_ChannelGetStatus                   0x00004d19   Thumb Code    28  gpdma_lpc17xx.o(.text)
    GPDMA_ChannelGetCount                    0x00004d35   Thumb Code    46  gpdma_lpc17xx.o(.text)
    DMA_IRQHandler                           0x00004d65   Thumb Code   266  gpdma_lpc17xx.o(.text)
    PIN_Configure                            0x00004e71   Thumb Code   116  pin_lpc17xx.o(.text)
    PIN_ConfigureTPIU                        0x00004ee5   Thumb Code    24  pin_lpc17xx.o(.text)
    PIN_ConfigureI2C0Pins                    0x00004efd   Thumb Code    30  pin_lpc17xx.o(.text)
    SystemCoreClockUpdate                    0x00004f1d   Thumb Code   248  system_lpc17xx.o(.text)
    SystemInit                               0x00005015   Thumb Code   204  system_lpc17xx.o(.text)
    __aeabi_uldivmod                         0x000050e1   Thumb Code    98  uldiv.o(.text)
    strcat                                   0x00005143   Thumb Code    24  strcat.o(.text)
    __aeabi_llsl                             0x0000515b   Thumb Code    30  llshl.o(.text)
    _ll_shift_l                              0x0000515b   Thumb Code     0  llshl.o(.text)
    __aeabi_llsr                             0x00005179   Thumb Code    32  llushr.o(.text)
    _ll_ushift_r                             0x00005179   Thumb Code     0  llushr.o(.text)
    __scatterload                            0x00005199   Thumb Code    28  init.o(.text)
    __scatterload_rt2                        0x00005199   Thumb Code     0  init.o(.text)
    __scatterload_copy                       0x000051bd   Thumb Code    14  handlers.o(i.__scatterload_copy)
    __scatterload_zeroinit                   0x000051cb   Thumb Code    14  handlers.o(i.__scatterload_zeroinit)
    malloc                                   0x000051d9   Thumb Code    92  malloc.o(i.malloc)
    update_motor                             0x00005245   Thumb Code   240  try.o(mycode)
    waitHundredms                            0x00005335   Thumb Code    12  try.o(mycode)
    motorsetup                               0x00005341   Thumb Code    14  try.o(mycode)
    Driver_SPI1                              0x00005378   Data          44  ssp_lpc17xx.o(.rodata.Driver_SPI1)
    GLCD_Font_16x24                          0x000068a4   Data          16  glcd_fonts.o(.rodata.GLCD_Font_16x24)
    Region$$Table$$Base                      0x000068bc   Number         0  anon$$obj.o(Region$$Table)
    Region$$Table$$Limit                     0x000068dc   Number         0  anon$$obj.o(Region$$Table)
    __microlib_freelist                      0x10000000   Data           4  mvars.o(.data)
    __microlib_freelist_initialised          0x10000004   Data           4  mvars.o(.data)
    SystemCoreClock                          0x10000008   Data           4  system_lpc17xx.o(.data.SystemCoreClock)
    bearing                                  0x100000f0   Data           4  main.o(.bss.bearing)
    elevation                                0x100000f4   Data           4  main.o(.bss.elevation)
    __heap_base                              0x10000100   Data           0  startup_lpc17xx.o(HEAP)
    __heap_limit                             0x10000100   Data           0  startup_lpc17xx.o(HEAP)
    __initial_sp                             0x10000300   Data           0  startup_lpc17xx.o(STACK)



==============================================================================

Memory Map of the image

  Image entry point : Not specified.

  Load Region LR_IROM1 (Base: 0x00000000, Size: 0x000068f0, Max: 0x00080000, ABSOLUTE)

    Execution Region ER_IROM1 (Exec base: 0x00000000, Load base: 0x00000000, Size: 0x000068dc, Max: 0x00080000, ABSOLUTE)

    Exec Addr    Load Addr    Size         Type   Attr      Idx    E Section Name        Object

    0x00000000   0x00000000   0x000000cc   Data   RO           90    RESET               startup_lpc17xx.o
    0x000000cc   0x000000cc   0x00000000   Code   RO          106  * .ARM.Collect$$$$00000000  mc_w.l(entry.o)
    0x000000cc   0x000000cc   0x00000004   Code   RO          141    .ARM.Collect$$$$00000001  mc_w.l(entry2.o)
    0x000000d0   0x000000d0   0x00000004   Code   RO          144    .ARM.Collect$$$$00000004  mc_w.l(entry5.o)
    0x000000d4   0x000000d4   0x00000000   Code   RO          146    .ARM.Collect$$$$00000008  mc_w.l(entry7b.o)
    0x000000d4   0x000000d4   0x00000000   Code   RO          148    .ARM.Collect$$$$0000000A  mc_w.l(entry8b.o)
    0x000000d4   0x000000d4   0x00000008   Code   RO          149    .ARM.Collect$$$$0000000B  mc_w.l(entry9a.o)
    0x000000dc   0x000000dc   0x00000000   Code   RO          151    .ARM.Collect$$$$0000000D  mc_w.l(entry10a.o)
    0x000000dc   0x000000dc   0x00000000   Code   RO          153    .ARM.Collect$$$$0000000F  mc_w.l(entry11a.o)
    0x000000dc   0x000000dc   0x00000004   Code   RO          142    .ARM.Collect$$$$00002712  mc_w.l(entry2.o)
    0x000000e0   0x000000e0   0x0000015e   Code   RO            1    .text               main.o
    0x0000023e   0x0000023e   0x00000002   PAD
    0x00000240   0x00000240   0x00000092   Code   RO           72    .text               gpio_lpc17xx.o
    0x000002d2   0x000002d2   0x00000002   PAD
    0x000002d4   0x000002d4   0x00000024   Code   RO           92    .text               startup_lpc17xx.o
    0x000002f8   0x000002f8   0x00000002   Code   RO          170    i.__scatterload_null  mc_w.l(handlers.o)
    0x000002fa   0x000002fa   0x00000002   PAD
    0x000002fc   0x000002fc   0x00000004   Code   RO           91    .ARM.__at_0x02FC    startup_lpc17xx.o
    0x00000300   0x00000300   0x00003ec4   Code   RO           30    .text               glcd_mcb1700.o
    0x000041c4   0x000041c4   0x000008ce   Code   RO           43    .text               ssp_lpc17xx.o
    0x00004a92   0x00004a92   0x00000002   PAD
    0x00004a94   0x00004a94   0x000003da   Code   RO           60    .text               gpdma_lpc17xx.o
    0x00004e6e   0x00004e6e   0x00000002   PAD
    0x00004e70   0x00004e70   0x000000aa   Code   RO           80    .text               pin_lpc17xx.o
    0x00004f1a   0x00004f1a   0x00000002   PAD
    0x00004f1c   0x00004f1c   0x000001c4   Code   RO           98    .text               system_lpc17xx.o
    0x000050e0   0x000050e0   0x00000062   Code   RO          109    .text               mc_w.l(uldiv.o)
    0x00005142   0x00005142   0x00000018   Code   RO          111    .text               mc_w.l(strcat.o)
    0x0000515a   0x0000515a   0x0000001e   Code   RO          155    .text               mc_w.l(llshl.o)
    0x00005178   0x00005178   0x00000020   Code   RO          157    .text               mc_w.l(llushr.o)
    0x00005198   0x00005198   0x00000024   Code   RO          165    .text               mc_w.l(init.o)
    0x000051bc   0x000051bc   0x0000000e   Code   RO          169    i.__scatterload_copy  mc_w.l(handlers.o)
    0x000051ca   0x000051ca   0x0000000e   Code   RO          171    i.__scatterload_zeroinit  mc_w.l(handlers.o)
    0x000051d8   0x000051d8   0x0000006c   Code   RO          114    i.malloc            mc_w.l(malloc.o)
    0x00005244   0x00005244   0x00000128   Code   RO           15  * mycode              try.o
    0x0000536c   0x0000536c   0x0000000c   Data   RO           52    .rodata..Lswitch.table.SSP1_Control.2  ssp_lpc17xx.o
    0x00005378   0x00005378   0x0000002c   Data   RO           45    .rodata.Driver_SPI1  ssp_lpc17xx.o
    0x000053a4   0x000053a4   0x00001500   Data   RO           24    .rodata.Font_16x24_h  glcd_fonts.o
    0x000068a4   0x000068a4   0x00000010   Data   RO           25    .rodata.GLCD_Font_16x24  glcd_fonts.o
    0x000068b4   0x000068b4   0x00000006   Data   RO            6    .rodata.str1.1      main.o
    0x000068ba   0x000068ba   0x00000002   PAD
    0x000068bc   0x000068bc   0x00000020   Data   RO          168    Region$$Table       anon$$obj.o


    Execution Region RW_IRAM1 (Exec base: 0x10000000, Load base: 0x000068e0, Size: 0x00000300, Max: 0x00008000, ABSOLUTE)

    Exec Addr    Load Addr    Size         Type   Attr      Idx    E Section Name        Object

    0x10000000   0x000068e0   0x00000004   Data   RW          163    .data               mc_w.l(mvars.o)
    0x10000004   0x000068e4   0x00000004   Data   RW          164    .data               mc_w.l(mvars.o)
    0x10000008   0x000068e8   0x00000004   Data   RW          100    .data.SystemCoreClock  system_lpc17xx.o
    0x1000000c   0x000068ec   0x00000002   Data   RW           34    .data.background_color  glcd_mcb1700.o
    0x1000000e   0x000068ee   0x00000002   PAD
    0x10000010        -       0x00000004   Zero   RW           64    .bss.Channel_active  gpdma_lpc17xx.o
    0x10000014        -       0x000000a0   Zero   RW           63    .bss.Channel_info   gpdma_lpc17xx.o
    0x100000b4        -       0x00000001   Zero   RW           32    .bss.Himax          glcd_mcb1700.o
    0x100000b5   0x000068ee   0x00000003   PAD
    0x100000b8        -       0x00000004   Zero   RW           62    .bss.Init_cnt       gpdma_lpc17xx.o
    0x100000bc        -       0x00000004   Zero   RW           46    .bss.SSP1_Info.0    ssp_lpc17xx.o
    0x100000c0        -       0x00000001   Zero   RW           47    .bss.SSP1_Info.1    ssp_lpc17xx.o
    0x100000c1   0x000068ee   0x00000003   PAD
    0x100000c4        -       0x00000001   Zero   RW           48    .bss.SSP1_Info.2    ssp_lpc17xx.o
    0x100000c5   0x000068ee   0x00000003   PAD
    0x100000c8        -       0x00000004   Zero   RW           49    .bss.SSP1_Info.4    ssp_lpc17xx.o
    0x100000cc        -       0x00000001   Zero   RW           50    .bss.SSP1_Info.5    ssp_lpc17xx.o
    0x100000cd   0x000068ee   0x00000003   PAD
    0x100000d0        -       0x0000001c   Zero   RW           51    .bss.SSP1_Xfer      ssp_lpc17xx.o
    0x100000ec        -       0x00000004   Zero   RW           35    .bss.active_font    glcd_mcb1700.o
    0x100000f0        -       0x00000004   Zero   RW            3    .bss.bearing        main.o
    0x100000f4        -       0x00000004   Zero   RW            4    .bss.elevation      main.o
    0x100000f8        -       0x00000002   Zero   RW           33    .bss.foreground_color  glcd_mcb1700.o
    0x100000fa   0x000068ee   0x00000006   PAD
    0x10000100        -       0x00000000   Zero   RW           89    HEAP                startup_lpc17xx.o
    0x10000100        -       0x00000200   Zero   RW           88    STACK               startup_lpc17xx.o


==============================================================================

Image component sizes


      Code (inc. data)   RO Data    RW Data    ZI Data      Debug   Object Name

         0          0       5392          0          0       1137   glcd_fonts.o
     16068          0          0          2          7      30445   glcd_mcb1700.o
       986          0          0          0        168       7147   gpdma_lpc17xx.o
       146          0          0          0          0       3838   gpio_lpc17xx.o
       350         44          6          0          8       2294   main.o
       170          0          0          0          0       2402   pin_lpc17xx.o
      2254         30         56          0         39      12756   ssp_lpc17xx.o
        40         12        204          0        512       1000   startup_lpc17xx.o
       452          8          0          4          0       2100   system_lpc17xx.o
       296         30          0          0          0        500   try.o

    ----------------------------------------------------------------------
     20772        124       5692          8        752      63619   Object Totals
         0          0         32          0          0          0   (incl. Generated)
        10          0          2          2         18          0   (incl. Padding)

    ----------------------------------------------------------------------

      Code (inc. data)   RO Data    RW Data    ZI Data      Debug   Library Member Name

         0          0          0          0          0          0   entry.o
         0          0          0          0          0          0   entry10a.o
         0          0          0          0          0          0   entry11a.o
         8          4          0          0          0          0   entry2.o
         4          0          0          0          0          0   entry5.o
         0          0          0          0          0          0   entry7b.o
         0          0          0          0          0          0   entry8b.o
         8          4          0          0          0          0   entry9a.o
        30          0          0          0          0          0   handlers.o
        36          8          0          0          0         68   init.o
        30          0          0          0          0         68   llshl.o
        32          0          0          0          0         68   llushr.o
       108         16          0          0          0         84   malloc.o
         0          0          0          8          0          0   mvars.o
        24          0          0          0          0         68   strcat.o
        98          0          0          0          0         92   uldiv.o

    ----------------------------------------------------------------------
       380         32          0          8          0        448   Library Totals
         2          0          0          0          0          0   (incl. Padding)

    ----------------------------------------------------------------------

      Code (inc. data)   RO Data    RW Data    ZI Data      Debug   Library Name

       378         32          0          8          0        448   mc_w.l

    ----------------------------------------------------------------------
       380         32          0          8          0        448   Library Totals

    ----------------------------------------------------------------------

==============================================================================


      Code (inc. data)   RO Data    RW Data    ZI Data      Debug   

     21152        156       5692         16        752      63891   Grand Totals
     21152        156       5692         16        752      63891   ELF Image Totals
     21152        156       5692         16          0          0   ROM Totals

==============================================================================

    Total RO  Size (Code + RO Data)                26844 (  26.21kB)
    Total RW  Size (RW Data + ZI Data)               768 (   0.75kB)
    Total ROM Size (Code + RO Data + RW Data)      26860 (  26.23kB)

==============================================================================

