Component: Arm Compiler for Embedded 6.19 Tool: armlink [5e73cb00]

==============================================================================

Section Cross References

    main.o(.text) refers to glcd_mcb1700.o(.text) for GLCD_Initialize
    main.o(.text) refers to glcd_fonts.o(.rodata.GLCD_Font_16x24) for GLCD_Font_16x24
    main.o(.text) refers to main.o(.bss.bearing) for bearing
    main.o(.text) refers to main.o(.bss.elevation) for elevation
    main.o(.text) refers to malloc.o(i.malloc) for malloc
    main.o(.text) refers to main.o(.rodata.str1.1) for .L.str.2
    main.o(.text) refers to strcat.o(.text) for strcat
    main.o(.ARM.exidx) refers to main.o(.text) for [Anonymous Symbol]
    fixed.o(mycode) refers to main.o(.bss.bearing) for bearing
    glcd_fonts.o(.rodata.GLCD_Font_6x8) refers to glcd_fonts.o(.rodata.Font_6x8_h) for [Anonymous Symbol]
    glcd_fonts.o(.rodata.GLCD_Font_16x24) refers to glcd_fonts.o(.rodata.Font_16x24_h) for [Anonymous Symbol]
    glcd_mcb1700.o(.text) refers to gpio_lpc17xx.o(.text) for GPIO_PortClock
    glcd_mcb1700.o(.text) refers to pin_lpc17xx.o(.text) for PIN_Configure
    glcd_mcb1700.o(.text) refers to ssp_lpc17xx.o(.rodata.Driver_SPI1) for Driver_SPI1
    glcd_mcb1700.o(.text) refers to glcd_mcb1700.o(.bss.Himax) for Himax
    glcd_mcb1700.o(.text) refers to system_lpc17xx.o(.data.SystemCoreClock) for SystemCoreClock
    glcd_mcb1700.o(.text) refers to glcd_mcb1700.o(.bss.foreground_color) for foreground_color
    glcd_mcb1700.o(.text) refers to glcd_mcb1700.o(.data.background_color) for background_color
    glcd_mcb1700.o(.text) refers to glcd_mcb1700.o(.bss.active_font) for active_font
    glcd_mcb1700.o(.ARM.exidx) refers to glcd_mcb1700.o(.text) for [Anonymous Symbol]
    ssp_lpc17xx.o(.text) refers to ssp_lpc17xx.o(.bss.SSP1_Xfer) for SSP1_Xfer
    ssp_lpc17xx.o(.text) refers to ssp_lpc17xx.o(.bss.SSP1_Info.0) for SSP1_Info.0
    ssp_lpc17xx.o(.text) refers to ssp_lpc17xx.o(.bss.SSP1_Info.1) for SSP1_Info.1
    ssp_lpc17xx.o(.text) refers to ssp_lpc17xx.o(.bss.SSP1_Info.2) for SSP1_Info.2
    ssp_lpc17xx.o(.text) refers to ssp_lpc17xx.o(.bss.SSP1_Info.5) for SSP1_Info.5
    ssp_lpc17xx.o(.text) refers to pin_lpc17xx.o(.text) for PIN_Configure
    ssp_lpc17xx.o(.text) refers to ssp_lpc17xx.o(.bss.SSP1_Info.4) for SSP1_Info.4
    ssp_lpc17xx.o(.text) refers to ssp_lpc17xx.o(.rodata..Lswitch.table.SSP1_Control.2) for .Lswitch.table.SSP1_Control.2
    ssp_lpc17xx.o(.text) refers to gpio_lpc17xx.o(.text) for GPIO_PinWrite
    ssp_lpc17xx.o(.text) refers to system_lpc17xx.o(.data.SystemCoreClock) for SystemCoreClock
    ssp_lpc17xx.o(.ARM.exidx) refers to ssp_lpc17xx.o(.text) for [Anonymous Symbol]
    ssp_lpc17xx.o(.rodata.Driver_SPI1) refers to ssp_lpc17xx.o(.text) for SSP_GetVersion
    gpdma_lpc17xx.o(.text) refers to gpdma_lpc17xx.o(.bss.Init_cnt) for Init_cnt
    gpdma_lpc17xx.o(.text) refers to gpdma_lpc17xx.o(.bss.Channel_info) for Channel_info
    gpdma_lpc17xx.o(.text) refers to gpdma_lpc17xx.o(.bss.Channel_active) for Channel_active
    gpdma_lpc17xx.o(.ARM.exidx) refers to gpdma_lpc17xx.o(.text) for [Anonymous Symbol]
    gpio_lpc17xx.o(.ARM.exidx) refers to gpio_lpc17xx.o(.text) for [Anonymous Symbol]
    pin_lpc17xx.o(.ARM.exidx) refers to pin_lpc17xx.o(.text) for [Anonymous Symbol]
    startup_lpc17xx.o(RESET) refers to startup_lpc17xx.o(STACK) for __initial_sp
    startup_lpc17xx.o(RESET) refers to startup_lpc17xx.o(.text) for Reset_Handler
    startup_lpc17xx.o(RESET) refers to ssp_lpc17xx.o(.text) for SSP1_IRQHandler
    startup_lpc17xx.o(RESET) refers to gpdma_lpc17xx.o(.text) for DMA_IRQHandler
    startup_lpc17xx.o(.text) refers to system_lpc17xx.o(.text) for SystemInit
    startup_lpc17xx.o(.text) refers to fixed.o(mycode) for __main
    system_lpc17xx.o(.text) refers to uldiv.o(.text) for __aeabi_uldivmod
    system_lpc17xx.o(.text) refers to system_lpc17xx.o(.data.SystemCoreClock) for SystemCoreClock
    system_lpc17xx.o(.ARM.exidx) refers to system_lpc17xx.o(.text) for [Anonymous Symbol]
    uldiv.o(.text) refers to llushr.o(.text) for __aeabi_llsr
    uldiv.o(.text) refers to llshl.o(.text) for __aeabi_llsl
    malloc.o(i.free) refers to mvars.o(.data) for __microlib_freelist
    malloc.o(i.malloc) refers to mvars.o(.data) for __microlib_freelist_initialised
    malloc.o(i.malloc) refers to mvars.o(.data) for __microlib_freelist
    malloc.o(i.malloc) refers to startup_lpc17xx.o(HEAP) for __heap_base
    mallocr.o(i.__free$realloc) refers to mvars.o(.data) for __microlib_freelist
    mallocr.o(i.__malloc$realloc) refers to mallocr.o(i.internal_alloc) for internal_alloc
    mallocr.o(i.__malloc$realloc) refers to mvars.o(.data) for __microlib_freelist_initialised
    mallocr.o(i.__malloc$realloc) refers to startup_lpc17xx.o(HEAP) for __heap_base
    mallocr.o(i.__malloc$realloc) refers to mvars.o(.data) for __microlib_freelist
    mallocr.o(i.internal_alloc) refers to memcpya.o(.text) for __aeabi_memcpy
    mallocr.o(i.internal_alloc) refers to mvars.o(.data) for __microlib_freelist
    mallocr.o(i.realloc) refers to mallocr.o(i.__free$realloc) for __free$realloc
    mallocr.o(i.realloc) refers to mallocr.o(i.internal_alloc) for internal_alloc
    mallocr.o(i.realloc) refers to mallocr.o(i.__malloc$realloc) for __malloc$realloc
    mallocr.o(i.realloc) refers to mvars.o(.data) for __microlib_freelist
    malloca.o(i.__aligned_malloc) refers to mvars.o(.data) for __microlib_freelist_initialised
    malloca.o(i.__aligned_malloc) refers to mvars.o(.data) for __microlib_freelist
    malloca.o(i.__aligned_malloc) refers to startup_lpc17xx.o(HEAP) for __heap_base
    malloca.o(i.__free$memalign) refers to mvars.o(.data) for __microlib_freelist
    malloca.o(i.__malloc$memalign) refers to malloca.o(i.__aligned_malloc) for __aligned_malloc
    mallocra.o(i.__aligned_malloc$realloc) refers to mallocra.o(i.internal_alloc) for internal_alloc
    mallocra.o(i.__aligned_malloc$realloc) refers to mvars.o(.data) for __microlib_freelist_initialised
    mallocra.o(i.__aligned_malloc$realloc) refers to startup_lpc17xx.o(HEAP) for __heap_base
    mallocra.o(i.__aligned_malloc$realloc) refers to mvars.o(.data) for __microlib_freelist
    mallocra.o(i.__free$realloc$memalign) refers to mvars.o(.data) for __microlib_freelist
    mallocra.o(i.__malloc$realloc$memalign) refers to mallocra.o(i.__aligned_malloc$realloc) for __aligned_malloc$realloc
    mallocra.o(i.__realloc$memalign) refers to mallocra.o(i.__free$realloc$memalign) for __free$realloc$memalign
    mallocra.o(i.__realloc$memalign) refers to mallocra.o(i.internal_alloc) for internal_alloc
    mallocra.o(i.__realloc$memalign) refers to mallocra.o(i.__malloc$realloc$memalign) for __malloc$realloc$memalign
    mallocra.o(i.__realloc$memalign) refers to mvars.o(.data) for __microlib_freelist
    mallocra.o(i.internal_alloc) refers to memcpya.o(.text) for __aeabi_memcpy
    mallocra.o(i.internal_alloc) refers to mvars.o(.data) for __microlib_freelist


==============================================================================

Removing Unused input sections from the image.

    Removing main.o(.text), (342 bytes).
    Removing main.o(.ARM.exidx), (24 bytes).
    Removing main.o(.bss.elevation), (4 bytes).
    Removing main.o(.rodata.str1.4), (14 bytes).
    Removing main.o(.rodata.str1.1), (9 bytes).
    Removing main.o(.ARM.use_no_argv), (4 bytes).
    Removing glcd_fonts.o(.text), (0 bytes).
    Removing glcd_fonts.o(.rodata.Font_6x8_h), (896 bytes).
    Removing glcd_fonts.o(.rodata.GLCD_Font_6x8), (16 bytes).
    Removing glcd_fonts.o(.rodata.Font_16x24_h), (5376 bytes).
    Removing glcd_fonts.o(.rodata.GLCD_Font_16x24), (16 bytes).
    Removing glcd_mcb1700.o(.text), (16068 bytes).
    Removing glcd_mcb1700.o(.ARM.exidx), (152 bytes).
    Removing glcd_mcb1700.o(.bss.Himax), (1 bytes).
    Removing glcd_mcb1700.o(.bss.foreground_color), (2 bytes).
    Removing glcd_mcb1700.o(.data.background_color), (2 bytes).
    Removing glcd_mcb1700.o(.bss.active_font), (4 bytes).
    Removing ssp_lpc17xx.o(.ARM.exidx), (128 bytes).
    Removing ssp_lpc17xx.o(.rodata.Driver_SPI1), (44 bytes).
    Removing gpdma_lpc17xx.o(.ARM.exidx), (72 bytes).
    Removing gpio_lpc17xx.o(.ARM.exidx), (48 bytes).
    Removing pin_lpc17xx.o(.ARM.exidx), (24 bytes).
    Removing startup_lpc17xx.o(HEAP), (0 bytes).
    Removing system_lpc17xx.o(.ARM.exidx), (16 bytes).

24 unused section(s) (total 23262 bytes) removed from the image.

==============================================================================

Image Symbol Table

    Local Symbols

    Symbol Name                              Value     Ov Type        Size  Object(Section)

    ../clib/microlib/division.c              0x00000000   Number         0  uldiv.o ABSOLUTE
    ../clib/microlib/longlong.c              0x00000000   Number         0  llshl.o ABSOLUTE
    ../clib/microlib/longlong.c              0x00000000   Number         0  llushr.o ABSOLUTE
    ../clib/microlib/malloc/malloc.c         0x00000000   Number         0  malloc.o ABSOLUTE
    ../clib/microlib/malloc/malloc.c         0x00000000   Number         0  mallocr.o ABSOLUTE
    ../clib/microlib/malloc/malloc.c         0x00000000   Number         0  malloca.o ABSOLUTE
    ../clib/microlib/malloc/malloc.c         0x00000000   Number         0  mallocra.o ABSOLUTE
    ../clib/microlib/malloc/mvars.c          0x00000000   Number         0  mvars.o ABSOLUTE
    ../clib/microlib/string/memcpy.c         0x00000000   Number         0  memcpya.o ABSOLUTE
    ../clib/microlib/string/memcpy.c         0x00000000   Number         0  memcpyb.o ABSOLUTE
    ../clib/microlib/string/strcat.c         0x00000000   Number         0  strcat.o ABSOLUTE
    GLCD_Fonts.c                             0x00000000   Number         0  glcd_fonts.o ABSOLUTE
    GLCD_MCB1700.c                           0x00000000   Number         0  glcd_mcb1700.o ABSOLUTE
    GPDMA_LPC17xx.c                          0x00000000   Number         0  gpdma_lpc17xx.o ABSOLUTE
    GPIO_LPC17xx.c                           0x00000000   Number         0  gpio_lpc17xx.o ABSOLUTE
    PIN_LPC17xx.c                            0x00000000   Number         0  pin_lpc17xx.o ABSOLUTE
    RTE/Device/LPC1768/startup_LPC17xx.s     0x00000000   Number         0  startup_lpc17xx.o ABSOLUTE
    SSP_LPC17xx.c                            0x00000000   Number         0  ssp_lpc17xx.o ABSOLUTE
    dc.s                                     0x00000000   Number         0  dc.o ABSOLUTE
    fixed.s                                  0x00000000   Number         0  fixed.o ABSOLUTE
    main.c                                   0x00000000   Number         0  main.o ABSOLUTE
    system_LPC17xx.c                         0x00000000   Number         0  system_lpc17xx.o ABSOLUTE
    RESET                                    0x00000000   Section      204  startup_lpc17xx.o(RESET)
    [Anonymous Symbol]                       0x000000cc   Section        0  gpio_lpc17xx.o(.text)
    [Anonymous Symbol]                       0x00000160   Section        0  pin_lpc17xx.o(.text)
    .text                                    0x0000020c   Section       36  startup_lpc17xx.o(.text)
    .text                                    0x00000230   Section        0  uldiv.o(.text)
    .text                                    0x00000292   Section        0  llshl.o(.text)
    .text                                    0x000002b0   Section        0  llushr.o(.text)
    .Lswitch.table.SSP1_Control.2            0x000002d0   Data          12  ssp_lpc17xx.o(.rodata..Lswitch.table.SSP1_Control.2)
    .ARM.__at_0x02FC                         0x000002fc   Section        4  startup_lpc17xx.o(.ARM.__at_0x02FC)
    [Anonymous Symbol]                       0x00000300   Section        0  ssp_lpc17xx.o(.text)
    SSP_GetVersion                           0x00000451   Thumb Code    10  ssp_lpc17xx.o(.text)
    SSP_GetCapabilities                      0x0000045d   Thumb Code     4  ssp_lpc17xx.o(.text)
    SSP1_Initialize                          0x00000461   Thumb Code   124  ssp_lpc17xx.o(.text)
    SSP1_Uninitialize                        0x000004dd   Thumb Code    78  ssp_lpc17xx.o(.text)
    SSP1_PowerControl                        0x0000052d   Thumb Code   322  ssp_lpc17xx.o(.text)
    SSP1_Send                                0x00000671   Thumb Code   102  ssp_lpc17xx.o(.text)
    SSP1_Receive                             0x000006d9   Thumb Code   102  ssp_lpc17xx.o(.text)
    SSP1_Transfer                            0x00000741   Thumb Code   116  ssp_lpc17xx.o(.text)
    SSP1_GetDataCount                        0x000007b5   Thumb Code    28  ssp_lpc17xx.o(.text)
    SSP1_Control                             0x000007d1   Thumb Code   994  ssp_lpc17xx.o(.text)
    SSP1_GetStatus                           0x00000bb5   Thumb Code    26  ssp_lpc17xx.o(.text)
    [Anonymous Symbol]                       0x00000bd0   Section        0  gpdma_lpc17xx.o(.text)
    [Anonymous Symbol]                       0x00000fac   Section        0  system_lpc17xx.o(.text)
    mycode                                   0x00001170   Section      132  fixed.o(mycode)
    Channel_active                           0x10000008   Data           4  gpdma_lpc17xx.o(.bss.Channel_active)
    [Anonymous Symbol]                       0x10000008   Section        0  gpdma_lpc17xx.o(.bss.Channel_active)
    Channel_info                             0x1000000c   Data         160  gpdma_lpc17xx.o(.bss.Channel_info)
    [Anonymous Symbol]                       0x1000000c   Section        0  gpdma_lpc17xx.o(.bss.Channel_info)
    Init_cnt                                 0x100000ac   Data           4  gpdma_lpc17xx.o(.bss.Init_cnt)
    [Anonymous Symbol]                       0x100000ac   Section        0  gpdma_lpc17xx.o(.bss.Init_cnt)
    SSP1_Info.0                              0x100000b0   Data           4  ssp_lpc17xx.o(.bss.SSP1_Info.0)
    [Anonymous Symbol]                       0x100000b0   Section        0  ssp_lpc17xx.o(.bss.SSP1_Info.0)
    SSP1_Info.1                              0x100000b4   Data           1  ssp_lpc17xx.o(.bss.SSP1_Info.1)
    [Anonymous Symbol]                       0x100000b4   Section        0  ssp_lpc17xx.o(.bss.SSP1_Info.1)
    SSP1_Info.2                              0x100000b8   Data           1  ssp_lpc17xx.o(.bss.SSP1_Info.2)
    [Anonymous Symbol]                       0x100000b8   Section        0  ssp_lpc17xx.o(.bss.SSP1_Info.2)
    SSP1_Info.4                              0x100000bc   Data           4  ssp_lpc17xx.o(.bss.SSP1_Info.4)
    [Anonymous Symbol]                       0x100000bc   Section        0  ssp_lpc17xx.o(.bss.SSP1_Info.4)
    SSP1_Info.5                              0x100000c0   Data           1  ssp_lpc17xx.o(.bss.SSP1_Info.5)
    [Anonymous Symbol]                       0x100000c0   Section        0  ssp_lpc17xx.o(.bss.SSP1_Info.5)
    SSP1_Xfer                                0x100000c4   Data          28  ssp_lpc17xx.o(.bss.SSP1_Xfer)
    [Anonymous Symbol]                       0x100000c4   Section        0  ssp_lpc17xx.o(.bss.SSP1_Xfer)
    STACK                                    0x100000e8   Section      512  startup_lpc17xx.o(STACK)

    Global Symbols

    Symbol Name                              Value     Ov Type        Size  Object(Section)

    BuildAttributes$$THM_ISAv4$P$D$K$B$S$PE$A:L22UL41UL21$X:L11$S22US41US21$IEEE1$IW$~IW$USESV6$~STKCKD$USESV7$~SHL$OTIME$EBA8$MICROLIB$REQ8$PRES8$EABIv2 0x00000000   Number         0  anon$$obj.o ABSOLUTE
    __Vectors                                0x00000000   Data           4  startup_lpc17xx.o(RESET)
    GPIO_PortClock                           0x000000cd   Thumb Code    26  gpio_lpc17xx.o(.text)
    GPIO_SetDir                              0x000000e9   Thumb Code    34  gpio_lpc17xx.o(.text)
    GPIO_PinWrite                            0x0000010d   Thumb Code    28  gpio_lpc17xx.o(.text)
    GPIO_PinRead                             0x00000129   Thumb Code    20  gpio_lpc17xx.o(.text)
    GPIO_PortWrite                           0x0000013d   Thumb Code    20  gpio_lpc17xx.o(.text)
    GPIO_PortRead                            0x00000151   Thumb Code    14  gpio_lpc17xx.o(.text)
    PIN_Configure                            0x00000161   Thumb Code   116  pin_lpc17xx.o(.text)
    PIN_ConfigureTPIU                        0x000001d5   Thumb Code    24  pin_lpc17xx.o(.text)
    PIN_ConfigureI2C0Pins                    0x000001ed   Thumb Code    30  pin_lpc17xx.o(.text)
    Reset_Handler                            0x0000020d   Thumb Code     8  startup_lpc17xx.o(.text)
    NMI_Handler                              0x00000215   Thumb Code     2  startup_lpc17xx.o(.text)
    HardFault_Handler                        0x00000217   Thumb Code     2  startup_lpc17xx.o(.text)
    MemManage_Handler                        0x00000219   Thumb Code     2  startup_lpc17xx.o(.text)
    BusFault_Handler                         0x0000021b   Thumb Code     2  startup_lpc17xx.o(.text)
    UsageFault_Handler                       0x0000021d   Thumb Code     2  startup_lpc17xx.o(.text)
    SVC_Handler                              0x0000021f   Thumb Code     2  startup_lpc17xx.o(.text)
    DebugMon_Handler                         0x00000221   Thumb Code     2  startup_lpc17xx.o(.text)
    PendSV_Handler                           0x00000223   Thumb Code     2  startup_lpc17xx.o(.text)
    SysTick_Handler                          0x00000225   Thumb Code     2  startup_lpc17xx.o(.text)
    ADC_IRQHandler                           0x00000227   Thumb Code     0  startup_lpc17xx.o(.text)
    BOD_IRQHandler                           0x00000227   Thumb Code     0  startup_lpc17xx.o(.text)
    CANActivity_IRQHandler                   0x00000227   Thumb Code     0  startup_lpc17xx.o(.text)
    CAN_IRQHandler                           0x00000227   Thumb Code     0  startup_lpc17xx.o(.text)
    EINT0_IRQHandler                         0x00000227   Thumb Code     0  startup_lpc17xx.o(.text)
    EINT1_IRQHandler                         0x00000227   Thumb Code     0  startup_lpc17xx.o(.text)
    EINT2_IRQHandler                         0x00000227   Thumb Code     0  startup_lpc17xx.o(.text)
    EINT3_IRQHandler                         0x00000227   Thumb Code     0  startup_lpc17xx.o(.text)
    ENET_IRQHandler                          0x00000227   Thumb Code     0  startup_lpc17xx.o(.text)
    I2C0_IRQHandler                          0x00000227   Thumb Code     0  startup_lpc17xx.o(.text)
    I2C1_IRQHandler                          0x00000227   Thumb Code     0  startup_lpc17xx.o(.text)
    I2C2_IRQHandler                          0x00000227   Thumb Code     0  startup_lpc17xx.o(.text)
    I2S_IRQHandler                           0x00000227   Thumb Code     0  startup_lpc17xx.o(.text)
    MCPWM_IRQHandler                         0x00000227   Thumb Code     0  startup_lpc17xx.o(.text)
    PLL0_IRQHandler                          0x00000227   Thumb Code     0  startup_lpc17xx.o(.text)
    PLL1_IRQHandler                          0x00000227   Thumb Code     0  startup_lpc17xx.o(.text)
    PWM1_IRQHandler                          0x00000227   Thumb Code     0  startup_lpc17xx.o(.text)
    QEI_IRQHandler                           0x00000227   Thumb Code     0  startup_lpc17xx.o(.text)
    RIT_IRQHandler                           0x00000227   Thumb Code     0  startup_lpc17xx.o(.text)
    RTC_IRQHandler                           0x00000227   Thumb Code     0  startup_lpc17xx.o(.text)
    SPI_IRQHandler                           0x00000227   Thumb Code     0  startup_lpc17xx.o(.text)
    SSP0_IRQHandler                          0x00000227   Thumb Code     0  startup_lpc17xx.o(.text)
    TIMER0_IRQHandler                        0x00000227   Thumb Code     0  startup_lpc17xx.o(.text)
    TIMER1_IRQHandler                        0x00000227   Thumb Code     0  startup_lpc17xx.o(.text)
    TIMER2_IRQHandler                        0x00000227   Thumb Code     0  startup_lpc17xx.o(.text)
    TIMER3_IRQHandler                        0x00000227   Thumb Code     0  startup_lpc17xx.o(.text)
    UART0_IRQHandler                         0x00000227   Thumb Code     0  startup_lpc17xx.o(.text)
    UART1_IRQHandler                         0x00000227   Thumb Code     0  startup_lpc17xx.o(.text)
    UART2_IRQHandler                         0x00000227   Thumb Code     0  startup_lpc17xx.o(.text)
    UART3_IRQHandler                         0x00000227   Thumb Code     0  startup_lpc17xx.o(.text)
    USBActivity_IRQHandler                   0x00000227   Thumb Code     0  startup_lpc17xx.o(.text)
    USB_IRQHandler                           0x00000227   Thumb Code     0  startup_lpc17xx.o(.text)
    WDT_IRQHandler                           0x00000227   Thumb Code     0  startup_lpc17xx.o(.text)
    __aeabi_uldivmod                         0x00000231   Thumb Code    98  uldiv.o(.text)
    __aeabi_llsl                             0x00000293   Thumb Code    30  llshl.o(.text)
    _ll_shift_l                              0x00000293   Thumb Code     0  llshl.o(.text)
    __aeabi_llsr                             0x000002b1   Thumb Code    32  llushr.o(.text)
    _ll_ushift_r                             0x000002b1   Thumb Code     0  llushr.o(.text)
    SSPx_GPDMA_Tx_SignalEvent                0x00000301   Thumb Code    14  ssp_lpc17xx.o(.text)
    SSPx_GPDMA_Rx_SignalEvent                0x00000311   Thumb Code    28  ssp_lpc17xx.o(.text)
    SSP1_GPDMA_Tx_SignalEvent                0x0000032d   Thumb Code    20  ssp_lpc17xx.o(.text)
    SSP1_GPDMA_Rx_SignalEvent                0x00000341   Thumb Code    48  ssp_lpc17xx.o(.text)
    SSP1_IRQHandler                          0x00000371   Thumb Code   224  ssp_lpc17xx.o(.text)
    GPDMA_Initialize                         0x00000bd1   Thumb Code   110  gpdma_lpc17xx.o(.text)
    GPDMA_Uninitialize                       0x00000c41   Thumb Code    76  gpdma_lpc17xx.o(.text)
    GPDMA_PeripheralSelect                   0x00000c8d   Thumb Code    58  gpdma_lpc17xx.o(.text)
    GPDMA_ChannelConfigure                   0x00000cc9   Thumb Code   248  gpdma_lpc17xx.o(.text)
    GPDMA_ChannelEnable                      0x00000dc1   Thumb Code    80  gpdma_lpc17xx.o(.text)
    GPDMA_ChannelDisable                     0x00000e11   Thumb Code    66  gpdma_lpc17xx.o(.text)
    GPDMA_ChannelGetStatus                   0x00000e55   Thumb Code    28  gpdma_lpc17xx.o(.text)
    GPDMA_ChannelGetCount                    0x00000e71   Thumb Code    46  gpdma_lpc17xx.o(.text)
    DMA_IRQHandler                           0x00000ea1   Thumb Code   266  gpdma_lpc17xx.o(.text)
    SystemCoreClockUpdate                    0x00000fad   Thumb Code   248  system_lpc17xx.o(.text)
    SystemInit                               0x000010a5   Thumb Code   204  system_lpc17xx.o(.text)
    __main                                   0x00001171   Thumb Code   114  fixed.o(mycode)
    waitHundredms                            0x000011e3   Thumb Code     2  fixed.o(mycode)
    SystemCoreClock                          0x10000000   Data           4  system_lpc17xx.o(.data.SystemCoreClock)
    bearing                                  0x100000e0   Data           4  main.o(.bss.bearing)
    __initial_sp                             0x100002e8   Data           0  startup_lpc17xx.o(STACK)



==============================================================================

Memory Map of the image

  Image Entry point : 0x00001171

  Load Region LR_IROM1 (Base: 0x00000000, Size: 0x00001200, Max: 0x00080000, ABSOLUTE)

    Execution Region ER_IROM1 (Exec base: 0x00000000, Load base: 0x00000000, Size: 0x000011f4, Max: 0x00080000, ABSOLUTE)

    Exec Addr    Load Addr    Size         Type   Attr      Idx    E Section Name        Object

    0x00000000   0x00000000   0x000000cc   Data   RO           90    RESET               startup_lpc17xx.o
    0x000000cc   0x000000cc   0x00000092   Code   RO           72    .text               gpio_lpc17xx.o
    0x0000015e   0x0000015e   0x00000002   PAD
    0x00000160   0x00000160   0x000000aa   Code   RO           80    .text               pin_lpc17xx.o
    0x0000020a   0x0000020a   0x00000002   PAD
    0x0000020c   0x0000020c   0x00000024   Code   RO           92    .text               startup_lpc17xx.o
    0x00000230   0x00000230   0x00000062   Code   RO          108    .text               mc_w.l(uldiv.o)
    0x00000292   0x00000292   0x0000001e   Code   RO          140    .text               mc_w.l(llshl.o)
    0x000002b0   0x000002b0   0x00000020   Code   RO          142    .text               mc_w.l(llushr.o)
    0x000002d0   0x000002d0   0x0000000c   Data   RO           52    .rodata..Lswitch.table.SSP1_Control.2  ssp_lpc17xx.o
    0x000002dc   0x000002dc   0x00000020   PAD
    0x000002fc   0x000002fc   0x00000004   Code   RO           91    .ARM.__at_0x02FC    startup_lpc17xx.o
    0x00000300   0x00000300   0x000008ce   Code   RO           43    .text               ssp_lpc17xx.o
    0x00000bce   0x00000bce   0x00000002   PAD
    0x00000bd0   0x00000bd0   0x000003da   Code   RO           60    .text               gpdma_lpc17xx.o
    0x00000faa   0x00000faa   0x00000002   PAD
    0x00000fac   0x00000fac   0x000001c4   Code   RO           98    .text               system_lpc17xx.o
    0x00001170   0x00001170   0x00000084   Code   RO           15  * mycode              fixed.o


    Execution Region RW_IRAM1 (Exec base: 0x10000000, Load base: 0x000011f8, Size: 0x000002e8, Max: 0x00008000, ABSOLUTE)

    Exec Addr    Load Addr    Size         Type   Attr      Idx    E Section Name        Object

    0x10000000   0x000011f8   0x00000004   Data   RW          100    .data.SystemCoreClock  system_lpc17xx.o
    0x10000004   0x000011fc   0x00000004   PAD
    0x10000008        -       0x00000004   Zero   RW           64    .bss.Channel_active  gpdma_lpc17xx.o
    0x1000000c        -       0x000000a0   Zero   RW           63    .bss.Channel_info   gpdma_lpc17xx.o
    0x100000ac        -       0x00000004   Zero   RW           62    .bss.Init_cnt       gpdma_lpc17xx.o
    0x100000b0        -       0x00000004   Zero   RW           46    .bss.SSP1_Info.0    ssp_lpc17xx.o
    0x100000b4        -       0x00000001   Zero   RW           47    .bss.SSP1_Info.1    ssp_lpc17xx.o
    0x100000b5   0x000011fc   0x00000003   PAD
    0x100000b8        -       0x00000001   Zero   RW           48    .bss.SSP1_Info.2    ssp_lpc17xx.o
    0x100000b9   0x000011fc   0x00000003   PAD
    0x100000bc        -       0x00000004   Zero   RW           49    .bss.SSP1_Info.4    ssp_lpc17xx.o
    0x100000c0        -       0x00000001   Zero   RW           50    .bss.SSP1_Info.5    ssp_lpc17xx.o
    0x100000c1   0x000011fc   0x00000003   PAD
    0x100000c4        -       0x0000001c   Zero   RW           51    .bss.SSP1_Xfer      ssp_lpc17xx.o
    0x100000e0        -       0x00000004   Zero   RW            3    .bss.bearing        main.o
    0x100000e4   0x000011fc   0x00000004   PAD
    0x100000e8        -       0x00000200   Zero   RW           88    STACK               startup_lpc17xx.o


==============================================================================

Image component sizes


      Code (inc. data)   RO Data    RW Data    ZI Data      Debug   Object Name

       132         16          0          0          0        408   fixed.o
       986          0          0          0        168       7147   gpdma_lpc17xx.o
       146          0          0          0          0       3838   gpio_lpc17xx.o
         0          0          0          0          4       2199   main.o
       170          0          0          0          0       2402   pin_lpc17xx.o
      2254         30         12          0         39      12756   ssp_lpc17xx.o
        40         12        204          0        512       1000   startup_lpc17xx.o
       452          8          0          4          0       2100   system_lpc17xx.o

    ----------------------------------------------------------------------
      4188         66        248          4        740      31850   Object Totals
         0          0          0          0          0          0   (incl. Generated)
         8          0         32          0         17          0   (incl. Padding)

    ----------------------------------------------------------------------

      Code (inc. data)   RO Data    RW Data    ZI Data      Debug   Library Member Name

        30          0          0          0          0         68   llshl.o
        32          0          0          0          0         68   llushr.o
        98          0          0          0          0         92   uldiv.o

    ----------------------------------------------------------------------
       160          0          0          0          0        228   Library Totals
         0          0          0          0          0          0   (incl. Padding)

    ----------------------------------------------------------------------

      Code (inc. data)   RO Data    RW Data    ZI Data      Debug   Library Name

       160          0          0          0          0        228   mc_w.l

    ----------------------------------------------------------------------
       160          0          0          0          0        228   Library Totals

    ----------------------------------------------------------------------

==============================================================================


      Code (inc. data)   RO Data    RW Data    ZI Data      Debug   

      4348         66        248          4        740      31894   Grand Totals
      4348         66        248          4        740      31894   ELF Image Totals
      4348         66        248          4          0          0   ROM Totals

==============================================================================

    Total RO  Size (Code + RO Data)                 4596 (   4.49kB)
    Total RW  Size (RW Data + ZI Data)               744 (   0.73kB)
    Total ROM Size (Code + RO Data + RW Data)       4600 (   4.49kB)

==============================================================================

